exports[`rendering should render something 1`] = `
<a
  className="Link"
  disabled={false}
  href={
    Object {
      "hash": "",
      "pathname": Object {
        "name": "state",
      },
      "search": "",
    }
  }
  onClick={[Function]}
  target={undefined}>
  Hello!
</a>
`;
