exports[`Link should render something 1`] = `
<a
  className="LinkClass active active-state disabled"
  disabled={true}
  href="/"
  onClick={[Function]}
  target="_blank">
  Hello!
</a>
`;
