exports[`rendering should render something 1`] = `null`;
