exports[`rendering should render something 1`] = `
<div>
  <span>
    Hello!
  </span>
  <a
    className=""
    href="state"
    onClick={[Function]}>
    Some
  </a>
  <noscript />
</div>
`;
